Microchip MPLAB XC8 Compiler V1.43 ()

Linker command line:

-W-3 --edf=/opt/microchip/xc8/v1.43/dat/en_msgs.txt -cs \
  -h+dist/default/production/BathMonitor.X.production.sym \
  --cmf=dist/default/production/BathMonitor.X.production.cmf -z -Q12F1822 \
  -o/tmp/xcXEIDwxs -Mdist/default/production/BathMonitor.X.production.map \
  -E1 -ver=XC8 -ASTACK=0203Ch-0204fh -pstack=STACK -ACODE=00h-07FFh \
  -ASTRCODE=00h-07FFh -ASTRING=00h-0FFhx8 -ACONST=00h-0FFhx8 \
  -AENTRY=00h-0FFhx8 -ACOMMON=070h-07Fh -ABANK0=020h-06Fh -ABANK1=0A0h-0BFh \
  -ABIGRAM=02000h-0206Fh -ARAM=020h-06Fh,0A0h-0BFh \
  -AABS1=020h-07Fh,0A0h-0BFh -ASFR0=00h-01Fh -ASFR1=080h-09Fh \
  -ASFR2=0100h-016Fh -ASFR3=0180h-01EFh -ASFR4=0200h-026Fh \
  -ASFR5=0280h-02EFh -ASFR6=0300h-036Fh -ASFR7=0380h-03EFh \
  -ASFR8=0400h-046Fh -ASFR9=0480h-04EFh -ASFR10=0500h-056Fh \
  -ASFR11=0580h-05EFh -ASFR12=0600h-066Fh -ASFR13=0680h-06EFh \
  -ASFR14=0700h-076Fh -ASFR15=0780h-07EFh -ASFR16=0800h-086Fh \
  -ASFR17=0880h-08EFh -ASFR18=0900h-096Fh -ASFR19=0980h-09EFh \
  -ASFR20=0A00h-0A6Fh -ASFR21=0A80h-0AEFh -ASFR22=0B00h-0B6Fh \
  -ASFR23=0B80h-0BEFh -ASFR24=0C00h-0C6Fh -ASFR25=0C80h-0CEFh \
  -ASFR26=0D00h-0D6Fh -ASFR27=0D80h-0DEFh -ASFR28=0E00h-0E6Fh \
  -ASFR29=0E80h-0EEFh -ASFR30=0F00h-0F6Fh -ASFR31=0F80h-0FEFh \
  -preset_vec=00h,intentry=04h,init,end_init -ppowerup=CODE -pcinit=CODE \
  -pfunctab=ENTRY -ACONFIG=08007h-08008h -pconfig=CONFIG -DCONFIG=2 \
  -AIDLOC=08000h-08003h -pidloc=IDLOC -DIDLOC=2 -AEEDATA=00h-0FFh/0F000h \
  -peeprom_data=EEDATA -DEEDATA=2 -DCODE=2 -DSTRCODE=2 -DSTRING=2 -DCONST=2 \
  -DENTRY=2 -k /tmp/xcX7IQoFV.obj \
  dist/default/production/BathMonitor.X.production.obj 

Object code version is 3.11

Machine type is 12F1822



                Name                               Link     Load   Length Selector   Space Scale
/tmp/xcX7IQoFV.obj
                end_init                             10       10        1        8       0
                reset_vec                             0        0        1        0       0
                config                             8007     8007        2    1000E       0
dist/default/production/BathMonitor.X.production.obj
                cinit                                11       11       1B        8       0
                intentry                              4        4        C        8       0
                text11                              10A      10A       54        8       0
                text10                              25B      25B        2      436       0
                text9                               1CA      1CA       27        8       0
                text7                               242      242        D      436       0
                text6                               235      235        D      436       0
                text5                                B5       B5       55        8       0
                text4                                2C       2C       89        8       0
                text3                               1F1      1F1       1A        8       0
                text2                               228      228        D      436       0
                text1                               15E      15E       38        8       0
                maintext                            196      196       34        8       0
                cstackBANK0                          20       20       1C       20       1
                cstackCOMMON                         70       70        8       70       1
                clrtext                             255      255        6      436       0
                inittext                            24F      24F        6      436       0
                bssBANK1                             A0       A0       20       A0       1
                dataBANK0                            4F       4F        D       20       1
                bssBANK0                             3C       3C       13       20       1
                bssCOMMON                            78       78        2       70       1
                stringtext1                         20B      20B       10      416       0
                idataBANK0                          21B      21B        D      436       0

TOTAL           Name                               Link     Load   Length     Space
        CLASS   STACK          

        CLASS   CODE           
                end_init                             10       10        1         0
                cinit                                11       11       1B         0
                intentry                              4        4        C         0
                reset_vec                             0        0        1         0
                text11                              10A      10A       54         0
                text10                              25B      25B        2         0
                text9                               1CA      1CA       27         0
                text7                               242      242        D         0
                text6                               235      235        D         0
                text5                                B5       B5       55         0
                text4                                2C       2C       89         0
                text3                               1F1      1F1       1A         0
                text2                               228      228        D         0
                text1                               15E      15E       38         0
                maintext                            196      196       34         0
                clrtext                             255      255        6         0
                inittext                            24F      24F        6         0
                idataBANK0                          21B      21B        D         0

        CLASS   STRCODE        
                stringtext1                         20B      20B       10         0

        CLASS   STRING         

        CLASS   CONST          

        CLASS   ENTRY          

        CLASS   COMMON         
                cstackCOMMON                         70       70        8         1
                bssCOMMON                            78       78        2         1

        CLASS   BANK0          
                cstackBANK0                          20       20       1C         1
                dataBANK0                            4F       4F        D         1
                bssBANK0                             3C       3C       13         1

        CLASS   BANK1          
                bssBANK1                             A0       A0       20         1

        CLASS   BIGRAM         

        CLASS   RAM            

        CLASS   ABS1           
                abs_s1                               7E       7E        2         1

        CLASS   SFR0           

        CLASS   SFR1           

        CLASS   SFR2           

        CLASS   SFR3           

        CLASS   SFR4           

        CLASS   SFR5           

        CLASS   SFR6           

        CLASS   SFR7           

        CLASS   SFR8           

        CLASS   SFR9           

        CLASS   SFR10          

        CLASS   SFR11          

        CLASS   SFR12          

        CLASS   SFR13          

        CLASS   SFR14          

        CLASS   SFR15          

        CLASS   SFR16          

        CLASS   SFR17          

        CLASS   SFR18          

        CLASS   SFR19          

        CLASS   SFR20          

        CLASS   SFR21          

        CLASS   SFR22          

        CLASS   SFR23          

        CLASS   SFR24          

        CLASS   SFR25          

        CLASS   SFR26          

        CLASS   SFR27          

        CLASS   SFR28          

        CLASS   SFR29          

        CLASS   SFR30          

        CLASS   SFR31          

        CLASS   CONFIG         
                config                             8007     8007        2         0

        CLASS   IDLOC          

        CLASS   EEDATA         

        CLASS   BANK31         

        CLASS   BANK30         

        CLASS   BANK29         

        CLASS   BANK28         

        CLASS   BANK27         

        CLASS   BANK26         

        CLASS   BANK25         

        CLASS   BANK24         

        CLASS   BANK23         

        CLASS   BANK22         

        CLASS   BANK21         

        CLASS   BANK20         

        CLASS   BANK19         

        CLASS   BANK18         

        CLASS   BANK17         

        CLASS   BANK16         

        CLASS   BANK15         

        CLASS   BANK14         

        CLASS   BANK13         

        CLASS   BANK12         

        CLASS   BANK11         

        CLASS   BANK10         

        CLASS   BANK9          

        CLASS   BANK8          

        CLASS   BANK7          

        CLASS   BANK6          

        CLASS   BANK5          

        CLASS   BANK4          

        CLASS   BANK3          

        CLASS   BANK2          



SEGMENTS        Name                           Load    Length   Top    Selector   Space  Class     Delta

                reset_vec                      000000  000001  000001         0       0  CODE        2
                intentry                       000004  000207  00020B         8       0  CODE        2
                cstackBANK0                    000020  00003C  00005C        20       1  BANK0       1
                cstackCOMMON                   000070  00000A  00007A        70       1  COMMON      1
                bssBANK1                       0000A0  000020  0000C0        A0       1  BANK1       1
                stringtext1                    00020B  000010  00021B       416       0  STRCODE     2
                idataBANK0                     00021B  000042  00025D       436       0  CODE        2
                config                         008007  000002  008009     1000E       0  CONFIG      2


UNUSED ADDRESS RANGES

        Name                Unused          Largest block    Delta
        BANK0            0005C-0006F              14           1
        BIGRAM           02000-0206F              70           1
        CODE             00001-00003               3           2
                         0025D-007FF             5A3
        COMMON           0007A-0007D               4           1
        CONST            00001-00003               3           2
                         0025D-007FF             100
        EEDATA           0F000-0F0FF             100           2
        ENTRY            00001-00003               3           2
                         0025D-007FF             100
        IDLOC            08000-08003               4           2
        RAM              0005C-0006F              14           1
        SFR0             00000-0001F              20           1
        SFR1             00080-0009F              20           1
        SFR10            00500-0056F              70           1
        SFR11            00580-005EF              70           1
        SFR12            00600-0066F              70           1
        SFR13            00680-006EF              70           1
        SFR14            00700-0076F              70           1
        SFR15            00780-007EF              70           1
        SFR16            00800-0086F              70           1
        SFR17            00880-008EF              70           1
        SFR18            00900-0096F              70           1
        SFR19            00980-009EF              70           1
        SFR2             00100-0016F              70           1
        SFR20            00A00-00A6F              70           1
        SFR21            00A80-00AEF              70           1
        SFR22            00B00-00B6F              70           1
        SFR23            00B80-00BEF              70           1
        SFR24            00C00-00C6F              70           1
        SFR25            00C80-00CEF              70           1
        SFR26            00D00-00D6F              70           1
        SFR27            00D80-00DEF              70           1
        SFR28            00E00-00E6F              70           1
        SFR29            00E80-00EEF              70           1
        SFR3             00180-001EF              70           1
        SFR30            00F00-00F6F              70           1
        SFR31            00F80-00FEF              70           1
        SFR4             00200-0026F              70           1
        SFR5             00280-002EF              70           1
        SFR6             00300-0036F              70           1
        SFR7             00380-003EF              70           1
        SFR8             00400-0046F              70           1
        SFR9             00480-004EF              70           1
        STACK            0203C-0204F              14           1
        STRCODE          00001-00003               3           2
                         0025D-007FF             5A3
        STRING           00001-00003               3           2
                         0025D-007FF             100

                                  Symbol Table

I2C1_Init@I2C1_Init_PORT cstackBANK0  00020
I2C1_Init@Speed          cstackBANK0  00024
I2C1_Init@address        cstackBANK0  00022
I2C1_Init@mode           cstackBANK0  00023
I2C1_Transmit@address    cstackBANK0  00020
I2C1_Transmit@i          cstackBANK0  00021
I2C1_Transmit@i_329      cstackBANK0  00022
I2C1_Transmit@pData      cstackCOMMON 00074
I2C1_Transmit@result     cstackBANK0  00023
I2C1_Transmit@size       cstackCOMMON 00075
I2C_Transmit@I2Cx        cstackBANK0  0002B
I2C_Transmit@address     cstackBANK0  00024
I2C_Transmit@pData       cstackBANK0  00025
I2C_Transmit@result      cstackBANK0  0002A
I2C_Transmit@size        cstackBANK0  00026
UART_Init@UART_Init_PORT cstackCOMMON 00075
UART_Init@brg            cstackCOMMON 00077
UART_Interrupt@dt        cstackCOMMON 00071
UART_Interrupt@x         cstackCOMMON 00072
_ANSELA                  (abs)        0018C
_APFCON                  (abs)        0011D
_BCL1IE                  (abs)        00493
_BCL1IF                  (abs)        00093
_BRG16                   (abs)        00CFB
_Basic_Init              text7        00242
_CREN                    (abs)        00CEC
_GIE                     (abs)        0005F
_Handle                  intentry     00004
_I2C1_Config             bssBANK0     0003C
_I2C1_Init               text5        000B5
_I2C1_Interrupt          text11       0010A
_I2C1_Transmit           text4        0002C
_I2C_InitPort            text6        00235
_I2C_Interrupt           text10       0025B
_I2C_Transmit            text3        001F1
_OERR                    (abs)        00CE9
_OSCCON                  (abs)        00099
_PEIE                    (abs)        0005E
_PORTA                   (abs)        0000C
_RCIE                    (abs)        0048D
_RCIF                    (abs)        0008D
_RCREG                   (abs)        00199
_RCSTA                   (abs)        0019D
_SPBRGH                  (abs)        0019C
_SPBRGL                  (abs)        0019B
_SPEN                    (abs)        00CEF
_SSP1IE                  (abs)        0048B
_SSP1IF                  (abs)        0008B
_SSPADD                  (abs)        00212
_SSPBUF                  (abs)        00211
_SSPCON1                 (abs)        00215
_SSPCON1bits             (abs)        00215
_SSPCON2                 (abs)        00216
_SSPCON2bits             (abs)        00216
_SSPMSK                  (abs)        00213
_SSPSTAT                 (abs)        00214
_SSPSTATbits             (abs)        00214
_TRISA                   (abs)        0008C
_TXIF                    (abs)        0008C
_TXREG                   (abs)        0019A
_TXSTA                   (abs)        0019E
_UART_Buffer             bssBANK1     000A0
_UART_Buffer_inptr       bssCOMMON    00079
_UART_Buffer_outptr      bssCOMMON    00078
_UART_Init               text1        0015E
_UART_InitPort           text2        00228
_UART_Interrupt          text9        001CA
_WPUA                    (abs)        0020C
__CFG_BOREN$OFF          (abs)        00000
__CFG_BORV$LO            (abs)        00000
__CFG_CLKOUTEN$OFF       (abs)        00000
__CFG_CP$OFF             (abs)        00000
__CFG_CPD$OFF            (abs)        00000
__CFG_FCMEN$OFF          (abs)        00000
__CFG_FOSC$INTOSC        (abs)        00000
__CFG_IESO$OFF           (abs)        00000
__CFG_LVP$OFF            (abs)        00000
__CFG_MCLRE$ON           (abs)        00000
__CFG_PLLEN$ON           (abs)        00000
__CFG_PWRTE$OFF          (abs)        00000
__CFG_STVREN$OFF         (abs)        00000
__CFG_WDTE$OFF           (abs)        00000
__CFG_WRT$OFF            (abs)        00000
__Habs1                  abs1         00000
__Hbank0                 bank0        00000
__Hbank1                 bank1        00000
__Hbank10                bank10       00000
__Hbank11                bank11       00000
__Hbank12                bank12       00000
__Hbank13                bank13       00000
__Hbank14                bank14       00000
__Hbank15                bank15       00000
__Hbank16                bank16       00000
__Hbank17                bank17       00000
__Hbank18                bank18       00000
__Hbank19                bank19       00000
__Hbank2                 bank2        00000
__Hbank20                bank20       00000
__Hbank21                bank21       00000
__Hbank22                bank22       00000
__Hbank23                bank23       00000
__Hbank24                bank24       00000
__Hbank25                bank25       00000
__Hbank26                bank26       00000
__Hbank27                bank27       00000
__Hbank28                bank28       00000
__Hbank29                bank29       00000
__Hbank3                 bank3        00000
__Hbank30                bank30       00000
__Hbank31                bank31       00000
__Hbank4                 bank4        00000
__Hbank5                 bank5        00000
__Hbank6                 bank6        00000
__Hbank7                 bank7        00000
__Hbank8                 bank8        00000
__Hbank9                 bank9        00000
__Hbigram                bigram       00000
__HbssBANK0              bssBANK0     00000
__HbssBANK1              bssBANK1     00000
__HbssCOMMON             bssCOMMON    00000
__Hcinit                 cinit        0002C
__Hclrtext               clrtext      00000
__Hcode                  code         00000
__Hcommon                common       00000
__Hconfig                config       08009
__HcstackBANK0           cstackBANK0  00000
__HcstackCOMMON          cstackCOMMON 00000
__HdataBANK0             dataBANK0    00000
__Heeprom_data           eeprom_data  00000
__Hend_init              end_init     00011
__Hfunctab               functab      00000
__HidataBANK0            idataBANK0   00000
__Hidloc                 idloc        00000
__Hinit                  init         00010
__Hinittext              inittext     00000
__Hintentry              intentry     00010
__Hmaintext              maintext     00000
__Hpowerup               powerup      00000
__Hram                   ram          00000
__Hreset_vec             reset_vec    00001
__Hsfr0                  sfr0         00000
__Hsfr1                  sfr1         00000
__Hsfr10                 sfr10        00000
__Hsfr11                 sfr11        00000
__Hsfr12                 sfr12        00000
__Hsfr13                 sfr13        00000
__Hsfr14                 sfr14        00000
__Hsfr15                 sfr15        00000
__Hsfr16                 sfr16        00000
__Hsfr17                 sfr17        00000
__Hsfr18                 sfr18        00000
__Hsfr19                 sfr19        00000
__Hsfr2                  sfr2         00000
__Hsfr20                 sfr20        00000
__Hsfr21                 sfr21        00000
__Hsfr22                 sfr22        00000
__Hsfr23                 sfr23        00000
__Hsfr24                 sfr24        00000
__Hsfr25                 sfr25        00000
__Hsfr26                 sfr26        00000
__Hsfr27                 sfr27        00000
__Hsfr28                 sfr28        00000
__Hsfr29                 sfr29        00000
__Hsfr3                  sfr3         00000
__Hsfr30                 sfr30        00000
__Hsfr31                 sfr31        00000
__Hsfr4                  sfr4         00000
__Hsfr5                  sfr5         00000
__Hsfr6                  sfr6         00000
__Hsfr7                  sfr7         00000
__Hsfr8                  sfr8         00000
__Hsfr9                  sfr9         00000
__Hspace_0               (abs)        08009
__Hspace_1               (abs)        000C0
__Hspace_2               (abs)        00000
__Hspace_3               (abs)        00000
__Hstack                 stack        00000
__Hstrings               strings      00000
__Hstringtext1           stringtext1  00000
__Htext                  text         00000
__Labs1                  abs1         00000
__Lbank0                 bank0        00000
__Lbank1                 bank1        00000
__Lbank10                bank10       00000
__Lbank11                bank11       00000
__Lbank12                bank12       00000
__Lbank13                bank13       00000
__Lbank14                bank14       00000
__Lbank15                bank15       00000
__Lbank16                bank16       00000
__Lbank17                bank17       00000
__Lbank18                bank18       00000
__Lbank19                bank19       00000
__Lbank2                 bank2        00000
__Lbank20                bank20       00000
__Lbank21                bank21       00000
__Lbank22                bank22       00000
__Lbank23                bank23       00000
__Lbank24                bank24       00000
__Lbank25                bank25       00000
__Lbank26                bank26       00000
__Lbank27                bank27       00000
__Lbank28                bank28       00000
__Lbank29                bank29       00000
__Lbank3                 bank3        00000
__Lbank30                bank30       00000
__Lbank31                bank31       00000
__Lbank4                 bank4        00000
__Lbank5                 bank5        00000
__Lbank6                 bank6        00000
__Lbank7                 bank7        00000
__Lbank8                 bank8        00000
__Lbank9                 bank9        00000
__Lbigram                bigram       00000
__LbssBANK0              bssBANK0     00000
__LbssBANK1              bssBANK1     00000
__LbssCOMMON             bssCOMMON    00000
__Lcinit                 cinit        00011
__Lclrtext               clrtext      00000
__Lcode                  code         00000
__Lcommon                common       00000
__Lconfig                config       08007
__LcstackBANK0           cstackBANK0  00000
__LcstackCOMMON          cstackCOMMON 00000
__LdataBANK0             dataBANK0    00000
__Leeprom_data           eeprom_data  00000
__Lend_init              end_init     00010
__Lfunctab               functab      00000
__LidataBANK0            idataBANK0   00000
__Lidloc                 idloc        00000
__Linit                  init         00010
__Linittext              inittext     00000
__Lintentry              intentry     00004
__Lmaintext              maintext     00000
__Lpowerup               powerup      00000
__Lram                   ram          00000
__Lreset_vec             reset_vec    00000
__Lsfr0                  sfr0         00000
__Lsfr1                  sfr1         00000
__Lsfr10                 sfr10        00000
__Lsfr11                 sfr11        00000
__Lsfr12                 sfr12        00000
__Lsfr13                 sfr13        00000
__Lsfr14                 sfr14        00000
__Lsfr15                 sfr15        00000
__Lsfr16                 sfr16        00000
__Lsfr17                 sfr17        00000
__Lsfr18                 sfr18        00000
__Lsfr19                 sfr19        00000
__Lsfr2                  sfr2         00000
__Lsfr20                 sfr20        00000
__Lsfr21                 sfr21        00000
__Lsfr22                 sfr22        00000
__Lsfr23                 sfr23        00000
__Lsfr24                 sfr24        00000
__Lsfr25                 sfr25        00000
__Lsfr26                 sfr26        00000
__Lsfr27                 sfr27        00000
__Lsfr28                 sfr28        00000
__Lsfr29                 sfr29        00000
__Lsfr3                  sfr3         00000
__Lsfr30                 sfr30        00000
__Lsfr31                 sfr31        00000
__Lsfr4                  sfr4         00000
__Lsfr5                  sfr5         00000
__Lsfr6                  sfr6         00000
__Lsfr7                  sfr7         00000
__Lsfr8                  sfr8         00000
__Lsfr9                  sfr9         00000
__Lspace_0               (abs)        00000
__Lspace_1               (abs)        00000
__Lspace_2               (abs)        00000
__Lspace_3               (abs)        00000
__Lstack                 stack        00000
__Lstrings               strings      00000
__Lstringtext1           stringtext1  00000
__Ltext                  text         00000
__S0                     (abs)        08009
__S1                     (abs)        000C0
__S2                     (abs)        00000
__S3                     (abs)        00000
___int_sp                stack        00000
___latbits               (abs)        00000
___sp                    stack        00000
__end_of_Basic_Init      text7        0024F
__end_of_Handle          intentry     00010
__end_of_I2C1_Init       text5        0010A
__end_of_I2C1_Interrupt  text11       0015E
__end_of_I2C1_Transmit   text4        000B5
__end_of_I2C_InitPort    text6        00242
__end_of_I2C_Interrupt   text10       0025D
__end_of_I2C_Transmit    text3        0020B
__end_of_UART_Init       text1        00196
__end_of_UART_InitPort   text2        00235
__end_of_UART_Interrupt  text9        001F1
__end_of__initialization cinit        00029
__end_of_baudtable       stringtext1  0021B
__end_of_main            maintext     001CA
__initialization         cinit        00011
__pbssBANK0              bssBANK0     0003C
__pbssBANK1              bssBANK1     000A0
__pbssCOMMON             bssCOMMON    00078
__pcstackBANK0           cstackBANK0  00020
__pcstackCOMMON          cstackCOMMON 00070
__pdataBANK0             dataBANK0    0004F
__pidataBANK0            idataBANK0   0021B
__pintentry              intentry     00004
__pmaintext              maintext     00196
__pstringtext1           stringtext1  0020B
__ptext1                 text1        0015E
__ptext10                text10       0025B
__ptext11                text11       0010A
__ptext2                 text2        00228
__ptext3                 text3        001F1
__ptext4                 text4        0002C
__ptext5                 text5        000B5
__ptext6                 text6        00235
__ptext7                 text7        00242
__ptext9                 text9        001CA
__size_of_Basic_Init     (abs)        00000
__size_of_Handle         (abs)        00000
__size_of_I2C1_Init      (abs)        00000
__size_of_I2C1_Interrupt (abs)        00000
__size_of_I2C1_Transmit  (abs)        00000
__size_of_I2C_InitPort   (abs)        00000
__size_of_I2C_Interrupt  (abs)        00000
__size_of_I2C_Transmit   (abs)        00000
__size_of_UART_Init      (abs)        00000
__size_of_UART_InitPort  (abs)        00000
__size_of_UART_Interrupt (abs)        00000
__size_of_main           (abs)        00000
_baudtable               stringtext1  0020B
_main                    maintext     00196
btemp                    (abs)        0007E
clear_ram0               clrtext      00255
end_of_initialization    cinit        00029
init_ram                 inittext     0024F
int$flags                (abs)        0007E
intlevel0                functab      00000
intlevel1                functab      00000
intlevel2                functab      00000
intlevel3                functab      00000
intlevel4                functab      00000
intlevel5                functab      00000
main@F2367               dataBANK0    0004F
main@testdata            cstackBANK0  0002F
reset_vec                reset_vec    00000
stackhi                  (abs)        0204F
stacklo                  (abs)        0203C
start                    init         00010
start_initialization     cinit        00011
wtemp0                   (abs)        0007E


FUNCTION INFORMATION:

 *************** function _main *****************
 Defined at:
		line 9 in file "main.c"
 Parameters:    Size  Location     Type
		None
 Auto vars:     Size  Location     Type
  testdata       13   15[BANK0 ] unsigned char [13]
 Return value:  Size  Location     Type
                  1    wreg      void 
 Registers used:
		wreg, fsr0l, fsr0h, fsr1l, fsr1h, status,2, status,0, pclath, cstack
 Tracked objects:
		On entry : 
		On exit  : 
		Unchanged: 
 Data sizes:     COMMON   BANK0   BANK1
      Params:         0       0       0
      Locals:         0      13       0
      Temps:          0       3       0
      Totals:         0      16       0
Total ram usage:       16 bytes
 Hardware stack levels required when called:    5
 This function calls:
		_Basic_Init
		_I2C1_Init
		_I2C_Transmit
		_UART_Init
 This function is called by:
		Startup code after reset
 This function uses a non-reentrant model


 *************** function _UART_Init *****************
 Defined at:
		line 37 in file "PIC_UART.c"
 Parameters:    Size  Location     Type
  UART_Init_PO    2    5[COMMON] PTR FTN()void 
		 -> UART_InitPort(1), 
  brg             1    7[COMMON] enum E2334
 Auto vars:     Size  Location     Type
		None
 Return value:  Size  Location     Type
                  1    wreg      void 
 Registers used:
		wreg, fsr0l, fsr0h, status,2, status,0, pclath, cstack
 Tracked objects:
		On entry : 
		On exit  : 
		Unchanged: 
 Data sizes:     COMMON   BANK0   BANK1
      Params:         3       0       0
      Locals:         0       0       0
      Temps:          0       4       0
      Totals:         3       4       0
Total ram usage:        7 bytes
 Hardware stack levels used:    1
 Hardware stack levels required when called:    4
 This function calls:
		_UART_InitPort
 This function is called by:
		_main
 This function uses a non-reentrant model


 *************** function _UART_InitPort *****************
 Defined at:
		line 45 in file "main.c"
 Parameters:    Size  Location     Type
		None
 Auto vars:     Size  Location     Type
		None
 Return value:  Size  Location     Type
                  1    wreg      void 
 Registers used:
		wreg, status,2, status,0
 Tracked objects:
		On entry : 
		On exit  : 
		Unchanged: 
 Data sizes:     COMMON   BANK0   BANK1
      Params:         0       0       0
      Locals:         0       0       0
      Temps:          1       0       0
      Totals:         1       0       0
Total ram usage:        1 bytes
 Hardware stack levels used:    1
 Hardware stack levels required when called:    3
 This function calls:
		Nothing
 This function is called by:
		_main
		_UART_Init
 This function uses a non-reentrant model


 *************** function _I2C_Transmit *****************
 Defined at:
		line 5 in file "PIC_I2C.c"
 Parameters:    Size  Location     Type
  I2Cx            1    wreg     enum E2318
  address         1    4[BANK0 ] unsigned char 
  pData           1    5[BANK0 ] PTR unsigned char 
		 -> main@testdata(13), 
  size            1    6[BANK0 ] unsigned char 
 Auto vars:     Size  Location     Type
  I2Cx            1   11[BANK0 ] enum E2318
  result          1   10[BANK0 ] char 
 Return value:  Size  Location     Type
                  1    wreg      char 
 Registers used:
		wreg, fsr0l, fsr0h, fsr1l, fsr1h, status,2, status,0, pclath, cstack
 Tracked objects:
		On entry : 
		On exit  : 
		Unchanged: 
 Data sizes:     COMMON   BANK0   BANK1
      Params:         0       3       0
      Locals:         0       2       0
      Temps:          0       3       0
      Totals:         0       8       0
Total ram usage:        8 bytes
 Hardware stack levels used:    1
 Hardware stack levels required when called:    4
 This function calls:
		_I2C1_Transmit
 This function is called by:
		_main
 This function uses a non-reentrant model


 *************** function _I2C1_Transmit *****************
 Defined at:
		line 53 in file "PIC_I2C1.c"
 Parameters:    Size  Location     Type
  address         1    wreg     unsigned char 
  pData           1    4[COMMON] PTR unsigned char 
		 -> main@testdata(13), 
  size            1    5[COMMON] unsigned char 
 Auto vars:     Size  Location     Type
  address         1    0[BANK0 ] unsigned char 
  i               1    2[BANK0 ] unsigned char 
  i               1    1[BANK0 ] unsigned char 
  result          1    3[BANK0 ] char 
 Return value:  Size  Location     Type
                  1    wreg      char 
 Registers used:
		wreg, fsr0l, fsr0h, fsr1l, fsr1h, status,2, status,0
 Tracked objects:
		On entry : 
		On exit  : 
		Unchanged: 
 Data sizes:     COMMON   BANK0   BANK1
      Params:         2       0       0
      Locals:         0       4       0
      Temps:          2       0       0
      Totals:         4       4       0
Total ram usage:        8 bytes
 Hardware stack levels used:    1
 Hardware stack levels required when called:    3
 This function calls:
		Nothing
 This function is called by:
		_I2C_Transmit
 This function uses a non-reentrant model


 *************** function _I2C1_Init *****************
 Defined at:
		line 8 in file "PIC_I2C1.c"
 Parameters:    Size  Location     Type
  I2C1_Init_PO    2    0[BANK0 ] PTR FTN()void 
		 -> I2C_InitPort(1), 
  address         1    2[BANK0 ] unsigned char 
  mode            1    3[BANK0 ] enum E2310
  Speed           1    4[BANK0 ] enum E2314
 Auto vars:     Size  Location     Type
		None
 Return value:  Size  Location     Type
                  1    wreg      void 
 Registers used:
		wreg, fsr0l, fsr0h, status,2, status,0, pclath, cstack
 Tracked objects:
		On entry : 
		On exit  : 
		Unchanged: 
 Data sizes:     COMMON   BANK0   BANK1
      Params:         0       5       0
      Locals:         0       0       0
      Temps:          1       0       0
      Totals:         1       5       0
Total ram usage:        6 bytes
 Hardware stack levels used:    1
 Hardware stack levels required when called:    4
 This function calls:
		_I2C_InitPort
 This function is called by:
		_main
 This function uses a non-reentrant model


 *************** function _I2C_InitPort *****************
 Defined at:
		line 51 in file "main.c"
 Parameters:    Size  Location     Type
		None
 Auto vars:     Size  Location     Type
		None
 Return value:  Size  Location     Type
                  1    wreg      void 
 Registers used:
		wreg, status,2, status,0
 Tracked objects:
		On entry : 
		On exit  : 
		Unchanged: 
 Data sizes:     COMMON   BANK0   BANK1
      Params:         0       0       0
      Locals:         0       0       0
      Temps:          1       0       0
      Totals:         1       0       0
Total ram usage:        1 bytes
 Hardware stack levels used:    1
 Hardware stack levels required when called:    3
 This function calls:
		Nothing
 This function is called by:
		_main
		_I2C1_Init
 This function uses a non-reentrant model


 *************** function _Basic_Init *****************
 Defined at:
		line 29 in file "main.c"
 Parameters:    Size  Location     Type
		None
 Auto vars:     Size  Location     Type
		None
 Return value:  Size  Location     Type
                  1    wreg      void 
 Registers used:
		wreg, status,2
 Tracked objects:
		On entry : 
		On exit  : 
		Unchanged: 
 Data sizes:     COMMON   BANK0   BANK1
      Params:         0       0       0
      Locals:         0       0       0
      Temps:          0       0       0
      Totals:         0       0       0
Total ram usage:        0 bytes
 Hardware stack levels used:    1
 Hardware stack levels required when called:    3
 This function calls:
		Nothing
 This function is called by:
		_main
 This function uses a non-reentrant model


 *************** function _Handle *****************
 Defined at:
		line 23 in file "main.c"
 Parameters:    Size  Location     Type
		None
 Auto vars:     Size  Location     Type
		None
 Return value:  Size  Location     Type
                  1    wreg      void 
 Registers used:
		wreg, fsr1l, fsr1h, status,2, status,0, pclath, cstack
 Tracked objects:
		On entry : 
		On exit  : 
		Unchanged: 
 Data sizes:     COMMON   BANK0   BANK1
      Params:         0       0       0
      Locals:         0       0       0
      Temps:          1       0       0
      Totals:         1       0       0
Total ram usage:        1 bytes
 Hardware stack levels used:    1
 Hardware stack levels required when called:    2
 This function calls:
		_I2C_Interrupt
		_UART_Interrupt
 This function is called by:
		Interrupt level 1
 This function uses a non-reentrant model


 *************** function _UART_Interrupt *****************
 Defined at:
		line 107 in file "PIC_UART.c"
 Parameters:    Size  Location     Type
		None
 Auto vars:     Size  Location     Type
  x               1    2[COMMON] unsigned char 
  dt              1    1[COMMON] unsigned char 
 Return value:  Size  Location     Type
                  1    wreg      void 
 Registers used:
		wreg, fsr1l, fsr1h, status,2, status,0
 Tracked objects:
		On entry : 
		On exit  : 
		Unchanged: 
 Data sizes:     COMMON   BANK0   BANK1
      Params:         0       0       0
      Locals:         2       0       0
      Temps:          1       0       0
      Totals:         3       0       0
Total ram usage:        3 bytes
 Hardware stack levels used:    1
 This function calls:
		Nothing
 This function is called by:
		_Handle
 This function uses a non-reentrant model


 *************** function _I2C_Interrupt *****************
 Defined at:
		line 31 in file "PIC_I2C.c"
 Parameters:    Size  Location     Type
		None
 Auto vars:     Size  Location     Type
		None
 Return value:  Size  Location     Type
                  1    wreg      void 
 Registers used:
		wreg, fsr1l, fsr1h, status,2, status,0, pclath, cstack
 Tracked objects:
		On entry : 
		On exit  : 
		Unchanged: 
 Data sizes:     COMMON   BANK0   BANK1
      Params:         0       0       0
      Locals:         0       0       0
      Temps:          0       0       0
      Totals:         0       0       0
Total ram usage:        0 bytes
 Hardware stack levels used:    1
 Hardware stack levels required when called:    1
 This function calls:
		_I2C1_Interrupt
 This function is called by:
		_Handle
 This function uses a non-reentrant model


 *************** function _I2C1_Interrupt *****************
 Defined at:
		line 153 in file "PIC_I2C1.c"
 Parameters:    Size  Location     Type
		None
 Auto vars:     Size  Location     Type
		None
 Return value:  Size  Location     Type
                  1    wreg      void 
 Registers used:
		wreg, fsr1l, fsr1h, status,2, status,0
 Tracked objects:
		On entry : 
		On exit  : 
		Unchanged: 
 Data sizes:     COMMON   BANK0   BANK1
      Params:         0       0       0
      Locals:         0       0       0
      Temps:          1       0       0
      Totals:         1       0       0
Total ram usage:        1 bytes
 Hardware stack levels used:    1
 This function calls:
		Nothing
 This function is called by:
		_I2C_Interrupt
 This function uses a non-reentrant model



MODULE INFORMATION

Module		Function		Class		Link	Load	Size
PIC_UART.c
		_UART_Init     		CODE           	015E	0000	57
		_UART_Interrupt		CODE           	01CA	0000	40

PIC_UART.c estimated size: 97

PIC_I2C.c
		_I2C_Interrupt 		CODE           	025B	0000	3
		_I2C_Transmit  		CODE           	01F1	0000	27

PIC_I2C.c estimated size: 30

PIC_I2C1.c
		_I2C1_Init     		CODE           	00B5	0000	86
		_I2C1_Interrupt		CODE           	010A	0000	85
		_I2C1_Transmit 		CODE           	002C	0000	138

PIC_I2C1.c estimated size: 309

shared
		__initialization		CODE           	0011	0000	25
		_baudtable     		STRCODE        	020B	0000	17

shared estimated size: 42

main.c
		_main          		CODE           	0196	0000	53
		_UART_InitPort 		CODE           	0228	0000	14
		_Handle        		CODE           	0004	0000	13
		_I2C_InitPort  		CODE           	0235	0000	14
		_Basic_Init    		CODE           	0242	0000	14

main.c estimated size: 108

